// Jest Snapshot v1, https://goo.gl/fbAQLP

exports[`Test Header component should render header component corectlly 1`] = `
<header
  className="header"
>
  <div
    className="header-left"
  >
    <span>
      YayCriptoMarket
    </span>
  </div>
  <div
    className="header-center"
  >
    <h5
      data-testid="title"
    >
      Crypto Market
    </h5>
  </div>
  <div
    className="header-right"
  >
    <span>
      <i
        className="ri-mic-line"
      />
    </span>
    <span>
      <i
        className="ri-settings-5-fill"
      />
    </span>
  </div>
</header>
`;
